// Vitest Snapshot v1, https://vitest.dev/guide/snapshot.html

exports[`buildDiscussPhasePrompt > falls back to (nezadán) when phase has no goal 1`] = `
"You are part of a tool that helps the user build a project incrementally.
A **discussion session** about the upcoming phase is in progress — DO NOT implement anything.

# Project
# Můj projekt
Stavím nástroj X pro Y.

# Phase to discuss
**Phase 5: Refactor auth**
Goal: (not set)

# Your task
Discuss the intent of this phase with the user. Your goals are to:
- understand what exactly the phase should solve and why
- point out ambiguities, hidden assumptions or risks
- suggest what the goal or steps might look like (if they are not set or are vague)

If you need to understand the state of the code, go through the machine-generated map: (1) read the index \`.mini/graph.json\` once (if it exists) — for each source file its path, its map in \`.mini/graph/\`, and the export names; keep the index in memory and share it across steps, do not read it repeatedly; (2) based on the exports, open only the relevant maps \`.mini/graph/<path>.md\` (imports, exports, signatures; for exports there is an anchor \`@L<start>-<end>\` = the declaration lines); (3) when you need the actual code, read it targeted via \`Read\` straight from the anchor (\`offset\` = start, \`limit\` = end − start + 1), not the whole file; when a map has no anchor, look up the symbol via the Grep tool (ripgrep). Small files can be read whole. Apart from the notes file (see below) do not write anything else — the session is otherwise only for discussion.

Start with a brief summary of what the phase's goal means, and then ask about what is unclear or what you consider key to clarify.

# Discussion notes
Before you end the session, write a summary of the discussion via the Write tool into the file \`.mini/discuss/phase-005.md\`. Only then end the session.

The file must have this structure (section names are fixed; individual sections may be empty or entirely absent if there is nothing to write):

\`\`\`
# Phase 5 — Refactor auth

## Intent
## Key decisions
## Watch out for
\`\`\`

The file serves as context for the following workflow steps (\`mini plan\`, \`mini do\`), which won't see the discussion itself. Write factually and concisely — only what matters for further work.
"
`;

exports[`buildDiscussPhasePrompt > omits steps block when phase has no steps 1`] = `
"You are part of a tool that helps the user build a project incrementally.
A **discussion session** about the upcoming phase is in progress — DO NOT implement anything.

# Project
# Můj projekt
Stavím nástroj X pro Y.

# Phase to discuss
**Phase 2: Bootstrap**
Goal: CLI vrací --version

# Your task
Discuss the intent of this phase with the user. Your goals are to:
- understand what exactly the phase should solve and why
- point out ambiguities, hidden assumptions or risks
- suggest what the goal or steps might look like (if they are not set or are vague)

If you need to understand the state of the code, go through the machine-generated map: (1) read the index \`.mini/graph.json\` once (if it exists) — for each source file its path, its map in \`.mini/graph/\`, and the export names; keep the index in memory and share it across steps, do not read it repeatedly; (2) based on the exports, open only the relevant maps \`.mini/graph/<path>.md\` (imports, exports, signatures; for exports there is an anchor \`@L<start>-<end>\` = the declaration lines); (3) when you need the actual code, read it targeted via \`Read\` straight from the anchor (\`offset\` = start, \`limit\` = end − start + 1), not the whole file; when a map has no anchor, look up the symbol via the Grep tool (ripgrep). Small files can be read whole. Apart from the notes file (see below) do not write anything else — the session is otherwise only for discussion.

Start with a brief summary of what the phase's goal means, and then ask about what is unclear or what you consider key to clarify.

# Discussion notes
Before you end the session, write a summary of the discussion via the Write tool into the file \`.mini/discuss/phase-002.md\`. Only then end the session.

The file must have this structure (section names are fixed; individual sections may be empty or entirely absent if there is nothing to write):

\`\`\`
# Phase 2 — Bootstrap

## Intent
## Key decisions
## Watch out for
\`\`\`

The file serves as context for the following workflow steps (\`mini plan\`, \`mini do\`), which won't see the discussion itself. Write factually and concisely — only what matters for further work.
"
`;

exports[`buildDiscussPhasePrompt > renders phase with explicit goal 1`] = `
"You are part of a tool that helps the user build a project incrementally.
A **discussion session** about the upcoming phase is in progress — DO NOT implement anything.

# Project
# Můj projekt
Stavím nástroj X pro Y.

# Phase to discuss
**Phase 3: Diskusní session**
Goal: uživatel může prodiskutovat fázi před plánováním

# Your task
Discuss the intent of this phase with the user. Your goals are to:
- understand what exactly the phase should solve and why
- point out ambiguities, hidden assumptions or risks
- suggest what the goal or steps might look like (if they are not set or are vague)

If you need to understand the state of the code, go through the machine-generated map: (1) read the index \`.mini/graph.json\` once (if it exists) — for each source file its path, its map in \`.mini/graph/\`, and the export names; keep the index in memory and share it across steps, do not read it repeatedly; (2) based on the exports, open only the relevant maps \`.mini/graph/<path>.md\` (imports, exports, signatures; for exports there is an anchor \`@L<start>-<end>\` = the declaration lines); (3) when you need the actual code, read it targeted via \`Read\` straight from the anchor (\`offset\` = start, \`limit\` = end − start + 1), not the whole file; when a map has no anchor, look up the symbol via the Grep tool (ripgrep). Small files can be read whole. Apart from the notes file (see below) do not write anything else — the session is otherwise only for discussion.

Start with a brief summary of what the phase's goal means, and then ask about what is unclear or what you consider key to clarify.

# Discussion notes
Before you end the session, write a summary of the discussion via the Write tool into the file \`.mini/discuss/phase-003.md\`. Only then end the session.

The file must have this structure (section names are fixed; individual sections may be empty or entirely absent if there is nothing to write):

\`\`\`
# Phase 3 — Diskusní session

## Intent
## Key decisions
## Watch out for
\`\`\`

The file serves as context for the following workflow steps (\`mini plan\`, \`mini do\`), which won't see the discussion itself. Write factually and concisely — only what matters for further work.
"
`;

exports[`buildDiscussPhasePrompt > renders steps list when phase has steps 1`] = `
"You are part of a tool that helps the user build a project incrementally.
A **discussion session** about the upcoming phase is in progress — DO NOT implement anything.

# Project
# Můj projekt
Stavím nástroj X pro Y.

# Phase to discuss
**Phase 7: Nová feature**
Goal: feature je hotová

Steps:
- [done] připravit schéma
- [todo] napsat handler
- [skipped] starý nápad

# Your task
Discuss the intent of this phase with the user. Your goals are to:
- understand what exactly the phase should solve and why
- point out ambiguities, hidden assumptions or risks
- suggest what the goal or steps might look like (if they are not set or are vague)

If you need to understand the state of the code, go through the machine-generated map: (1) read the index \`.mini/graph.json\` once (if it exists) — for each source file its path, its map in \`.mini/graph/\`, and the export names; keep the index in memory and share it across steps, do not read it repeatedly; (2) based on the exports, open only the relevant maps \`.mini/graph/<path>.md\` (imports, exports, signatures; for exports there is an anchor \`@L<start>-<end>\` = the declaration lines); (3) when you need the actual code, read it targeted via \`Read\` straight from the anchor (\`offset\` = start, \`limit\` = end − start + 1), not the whole file; when a map has no anchor, look up the symbol via the Grep tool (ripgrep). Small files can be read whole. Apart from the notes file (see below) do not write anything else — the session is otherwise only for discussion.

Start with a brief summary of what the phase's goal means, and then ask about what is unclear or what you consider key to clarify.

# Discussion notes
Before you end the session, write a summary of the discussion via the Write tool into the file \`.mini/discuss/phase-007.md\`. Only then end the session.

The file must have this structure (section names are fixed; individual sections may be empty or entirely absent if there is nothing to write):

\`\`\`
# Phase 7 — Nová feature

## Intent
## Key decisions
## Watch out for
\`\`\`

The file serves as context for the following workflow steps (\`mini plan\`, \`mini do\`), which won't see the discussion itself. Write factually and concisely — only what matters for further work.
"
`;
