// Vitest Snapshot v1, https://vitest.dev/guide/snapshot.html

exports[`buildNextPhasePrompt > renders one-line history per phase, without goals/notes/steps 1`] = `
"Jsi součástí nástroje, který pomáhá uživateli budovat projekt postupně po malých fázích.

# Projekt
# Můj projekt
Stavím nástroj X pro Y.

# Dosavadní postup
- [hotovo] 1. Bootstrap
- [hotovo] 2. Stav v JSON
- [dělá se] 3. Snapshot testy
- [návrh] 4. Refactor
- [odloženo] 5. Experiment

# Tvůj úkol
Navrhni JEDNU další fázi. Má být malá (1-3 dny práce), s jasným, ověřitelným cílem.
Není to roadmap — jen jedna věc, co dává smysl udělat hned.

Pokud potřebuješ pochopit stav kódu, postupuj přes strojovou mapu: (1) začni indexem \`.mini/graph.json\` (pokud existuje) — pro každý zdroják cestu, jeho mapu v \`.mini/graph/\` a názvy exportů; (2) podle exportů cíleně otevři jen relevantní mapy \`.mini/graph/<cesta>.md\` (importy, exporty, signatury); (3) teprve když mapy nestačí, čti samotné zdrojáky. U velkých souborů si symbol najdi přes Grep tool (ripgrep) a přečti jen jeho úsek (\`Read\` s \`offset\`/\`limit\`), ne celý soubor; malé soubory klidně celé. Nezapisuj nic.

Odpověz POUZE v tomto formátu (česky), nic jiného nepiš:

TITLE: <stručný název, max 5 slov>
GOAL: <1 věta o tom, kdy je fáze "hotová" — co konkrétně bude fungovat>

Pokud projekt považuješ za dokončený, odpověz:
TITLE: -
GOAL: -
"
`;

exports[`buildNextPhasePrompt > uses čerstvě-založený copy when there are no phases 1`] = `
"Jsi součástí nástroje, který pomáhá uživateli budovat projekt postupně po malých fázích.

# Projekt
# Můj projekt
Stavím nástroj X pro Y.

# Postup
Projekt je čerstvě založený, žádné fáze ještě nebyly.

# Tvůj úkol
Navrhni JEDNU další fázi. Má být malá (1-3 dny práce), s jasným, ověřitelným cílem.
Není to roadmap — jen jedna věc, co dává smysl udělat hned.

Pokud potřebuješ pochopit stav kódu, postupuj přes strojovou mapu: (1) začni indexem \`.mini/graph.json\` (pokud existuje) — pro každý zdroják cestu, jeho mapu v \`.mini/graph/\` a názvy exportů; (2) podle exportů cíleně otevři jen relevantní mapy \`.mini/graph/<cesta>.md\` (importy, exporty, signatury); (3) teprve když mapy nestačí, čti samotné zdrojáky. U velkých souborů si symbol najdi přes Grep tool (ripgrep) a přečti jen jeho úsek (\`Read\` s \`offset\`/\`limit\`), ne celý soubor; malé soubory klidně celé. Nezapisuj nic.

Odpověz POUZE v tomto formátu (česky), nic jiného nepiš:

TITLE: <stručný název, max 5 slov>
GOAL: <1 věta o tom, kdy je fáze "hotová" — co konkrétně bude fungovat>

Pokud projekt považuješ za dokončený, odpověz:
TITLE: -
GOAL: -
"
`;
