// Vitest Snapshot v1, https://vitest.dev/guide/snapshot.html

exports[`buildPlanPhasePrompt > falls back to (nezadán) when phase has no goal 1`] = `
"You are part of a tool that helps the user build a project incrementally.

# Project
# Můj projekt
Stavím nástroj X pro Y.

# Phase to break down
**Phase 7: Refactor CLI**
Goal: (not set)

# Your task
Break this phase down into 3-7 concrete steps. Each step must have a clear, verifiable output (e.g. "API endpoint /tasks returns JSON" — not "build the backend").

If you need to understand the state of the code, go through the machine-generated map: (1) read the index \`.mini/graph.json\` once (if it exists) — for each source file its path, its map in \`.mini/graph/\`, and the export names; keep the index in memory and share it across steps, do not read it repeatedly; (2) based on the exports, open only the relevant maps \`.mini/graph/<path>.md\` (imports, exports, signatures; for exports there is an anchor \`@L<start>-<end>\` = the declaration lines); (3) when you need the actual code, read it targeted via \`Read\` straight from the anchor (\`offset\` = start, \`limit\` = end − start + 1), not the whole file; when a map has no anchor, look up the symbol via the Grep tool (ripgrep). Small files can be read whole. Do not write anything.

Reply ONLY with a list of steps, one step per line, in the format:

STEP: <short description of the step, max 8 words>
STEP: <next step>
...

Write nothing else.
"
`;

exports[`buildPlanPhasePrompt > inserts discuss notes block when notes are provided 1`] = `
"You are part of a tool that helps the user build a project incrementally.

# Project
# Můj projekt
Stavím nástroj X pro Y.

# Phase to break down
**Phase 8: Poznámky z diskuze**
Goal: plan a do čtou notes

# Phase notes (from discussion)
# Fáze 8 — Poznámky z diskuze

## Záměr
shrnout diskusi do souboru

## Klíčová rozhodnutí
- soubor je markdown bez schématu

# Your task
Break this phase down into 3-7 concrete steps. Each step must have a clear, verifiable output (e.g. "API endpoint /tasks returns JSON" — not "build the backend").

If you need to understand the state of the code, go through the machine-generated map: (1) read the index \`.mini/graph.json\` once (if it exists) — for each source file its path, its map in \`.mini/graph/\`, and the export names; keep the index in memory and share it across steps, do not read it repeatedly; (2) based on the exports, open only the relevant maps \`.mini/graph/<path>.md\` (imports, exports, signatures; for exports there is an anchor \`@L<start>-<end>\` = the declaration lines); (3) when you need the actual code, read it targeted via \`Read\` straight from the anchor (\`offset\` = start, \`limit\` = end − start + 1), not the whole file; when a map has no anchor, look up the symbol via the Grep tool (ripgrep). Small files can be read whole. Do not write anything.

Reply ONLY with a list of steps, one step per line, in the format:

STEP: <short description of the step, max 8 words>
STEP: <next step>
...

Write nothing else.
"
`;

exports[`buildPlanPhasePrompt > renders phase with explicit goal 1`] = `
"You are part of a tool that helps the user build a project incrementally.

# Project
# Můj projekt
Stavím nástroj X pro Y.

# Phase to break down
**Phase 2: Snapshot testy**
Goal: src/prompts/*.ts mají snapshot testy a npm test prochází

# Your task
Break this phase down into 3-7 concrete steps. Each step must have a clear, verifiable output (e.g. "API endpoint /tasks returns JSON" — not "build the backend").

If you need to understand the state of the code, go through the machine-generated map: (1) read the index \`.mini/graph.json\` once (if it exists) — for each source file its path, its map in \`.mini/graph/\`, and the export names; keep the index in memory and share it across steps, do not read it repeatedly; (2) based on the exports, open only the relevant maps \`.mini/graph/<path>.md\` (imports, exports, signatures; for exports there is an anchor \`@L<start>-<end>\` = the declaration lines); (3) when you need the actual code, read it targeted via \`Read\` straight from the anchor (\`offset\` = start, \`limit\` = end − start + 1), not the whole file; when a map has no anchor, look up the symbol via the Grep tool (ripgrep). Small files can be read whole. Do not write anything.

Reply ONLY with a list of steps, one step per line, in the format:

STEP: <short description of the step, max 8 words>
STEP: <next step>
...

Write nothing else.
"
`;
