// Vitest Snapshot v1, https://vitest.dev/guide/snapshot.html

exports[`render > konzolový výpis nad fixními vstupy (snapshot) 1`] = `
"Token report (heuristika délka/4), seřazeno podle reálných tokenů:
  auto         reálný=1272  šablona=1027  kontext=245  (vkládaný kontext 245 tok: diskuzní poznámky 51 %, projekt 41 %)
  do           reálný=1174  šablona=1154  kontext=20  (vkládaný kontext 20 tok: fáze (název + cíl) 60 %, kroky 40 %)
  plan         reálný=822  šablona=577  kontext=245  (vkládaný kontext 245 tok: diskuzní poznámky 51 %, projekt 41 %)
  next         reálný=724  šablona=531  kontext=193  (vkládaný kontext 193 tok: projekt 52 %, last-memory 39 %)
  done         reálný=694  šablona=612  kontext=82  (vkládaný kontext 82 tok: run report 77 %, fáze (název + cíl) 15 %)
  discuss      reálný=641  šablona=521  kontext=120  (vkládaný kontext 120 tok: projekt 83 %, fáze (název + cíl) 10 %)
  writeMemory  reálný=485  šablona=358  kontext=127  (vkládaný kontext 127 tok: projekt 79 %, fáze (název + cíl) 9 %)"
`;

exports[`render > markdown report nad fixními vstupy (snapshot) 1`] = `
"# Token report — cena promptů mini příkazů

Heuristika: odhad tokenů = délka textu / 4 (offline, ne přesný tokenizér Claude).
Reálný = celý prompt · Šablona = fixní text promptu · Vkládaný kontext = součet
obsahových bloků (projekt, historie fází, poznámky, …).

| Příkaz | Reálný | Šablona | Vkládaný kontext |
| --- | ---: | ---: | ---: |
| auto | 1272 | 1027 | 245 |
| do | 1174 | 1154 | 20 |
| plan | 822 | 577 | 245 |
| next | 724 | 531 | 193 |
| done | 694 | 612 | 82 |
| discuss | 641 | 521 | 120 |
| writeMemory | 485 | 358 | 127 |

## Proč (rozpad vkládaného kontextu)

- **auto** — vkládaný kontext 245 tok: diskuzní poznámky 51 %, projekt 41 %
- **do** — vkládaný kontext 20 tok: fáze (název + cíl) 60 %, kroky 40 %
- **plan** — vkládaný kontext 245 tok: diskuzní poznámky 51 %, projekt 41 %
- **next** — vkládaný kontext 193 tok: projekt 52 %, last-memory 39 %
- **done** — vkládaný kontext 82 tok: run report 77 %, fáze (název + cíl) 15 %
- **discuss** — vkládaný kontext 120 tok: projekt 83 %, fáze (název + cíl) 10 %
- **writeMemory** — vkládaný kontext 127 tok: projekt 79 %, fáze (název + cíl) 9 %
"
`;
