// Vitest Snapshot v1, https://vitest.dev/guide/snapshot.html

exports[`renderFileGraph > renders all the kinds with deterministic output 1`] = `
"## src/a.ts

Imports:
- { readFile } from "node:fs"
- { default } from "./b.js"
- { * } from "./c.js"
- side-effect "./side-effect.js"
- type { Foo } from "./only-types.js"

Exports:
- function foo(x: number): number @L5-8
- class Bar @L10-20
  - run(): void
  - static make(): Bar
- enum Mode @L22-25
- interface Greeter
- type Result
- const VERSION @L27
- function main(): number (default) @L29-31
"
`;
